[    1272ms] [INFO] %cDownload the React DevTools for a better development experience: https://react.dev/link/react-devtools font-weight:bold @ http://localhost:3000/_next/static/chunks/node_modules_next_dist_0ifwd0~._.js:2925
[    1369ms] [LOG] [HMR] connected @ http://localhost:3000/_next/static/chunks/node_modules_next_dist_0ifwd0~._.js:2925
[   13628ms] [LOG] [Fast Refresh] rebuilding @ http://localhost:3000/_next/static/chunks/node_modules_next_dist_0ifwd0~._.js:2925
[   13778ms] [LOG] [Fast Refresh] done in 255ms @ http://localhost:3000/_next/static/chunks/node_modules_next_dist_0ifwd0~._.js:2925
[   18588ms] [LOG] [Fast Refresh] rebuilding @ http://localhost:3000/_next/static/chunks/node_modules_next_dist_0ifwd0~._.js:2925
[   18847ms] [LOG] [Fast Refresh] done in 364ms @ http://localhost:3000/_next/static/chunks/node_modules_next_dist_0ifwd0~._.js:2925
[   22370ms] [LOG] [Fast Refresh] rebuilding @ http://localhost:3000/_next/static/chunks/node_modules_next_dist_0ifwd0~._.js:2925
[   22507ms] [LOG] [Fast Refresh] done in 238ms @ http://localhost:3000/_next/static/chunks/node_modules_next_dist_0ifwd0~._.js:2925
[   28992ms] [ERROR] Permissions policy violation: compute-pressure is not allowed in this document. @ https://www.youtube.com/s/player/cb017549/player_embed_es6.vflset/ja_JP/base.js:5086
[   32436ms] [ERROR] Access to fetch at 'https://googleads.g.doubleclick.net/pagead/viewthroughconversion/962985656/?backend=innertube&cname=56&cver=2_20260505&foc_id=sBjURrPoezykLs9EqgamOA&label=followon_view&ptype=no_rmkt&random=576429399&cv_attributed=0' (redirected from 'https://www.youtube.com/pagead/viewthroughconversion/962985656/?backend=innertube&cname=56&cver=2_20260505&foc_id=sBjURrPoezykLs9EqgamOA&label=followon_view&ptype=no_rmkt&random=576429399') from origin 'https://www.youtube.com' has been blocked by CORS policy: No 'Access-Control-Allow-Origin' header is present on the requested resource. @ https://www.youtube.com/embed/Sklc_fQBmcs?rel=0&modestbranding=1&enablejsapi=1&origin=http%3A%2F%2Flocalhost%3A3000&widgetid=5&forigin=http%3A%2F%2Flocalhost%3A3000%2Fcourses%2Fnextjs-fundamentals%2Flessons%2Fapp-router&aoriginsup=1&vf=6:0
[   32436ms] [ERROR] Failed to load resource: net::ERR_FAILED @ https://googleads.g.doubleclick.net/pagead/viewthroughconversion/962985656/?backend=innertube&cname=56&cver=2_20260505&foc_id=sBjURrPoezykLs9EqgamOA&label=followon_view&ptype=no_rmkt&random=576429399&cv_attributed=0:0
[   28992ms] [ERROR] Permissions policy violation: compute-pressure is not allowed in this document. @ https://www.youtube.com/s/player/cb017549/player_embed_es6.vflset/ja_JP/base.js:5086
[   32436ms] [ERROR] Access to fetch at 'https://googleads.g.doubleclick.net/pagead/viewthroughconversion/962985656/?backend=innertube&cname=56&cver=2_20260505&foc_id=sBjURrPoezykLs9EqgamOA&label=followon_view&ptype=no_rmkt&random=576429399&cv_attributed=0' (redirected from 'https://www.youtube.com/pagead/viewthroughconversion/962985656/?backend=innertube&cname=56&cver=2_20260505&foc_id=sBjURrPoezykLs9EqgamOA&label=followon_view&ptype=no_rmkt&random=576429399') from origin 'https://www.youtube.com' has been blocked by CORS policy: No 'Access-Control-Allow-Origin' header is present on the requested resource. @ https://www.youtube.com/embed/Sklc_fQBmcs?rel=0&modestbranding=1&enablejsapi=1&origin=http%3A%2F%2Flocalhost%3A3000&widgetid=5&forigin=http%3A%2F%2Flocalhost%3A3000%2Fcourses%2Fnextjs-fundamentals%2Flessons%2Fapp-router&aoriginsup=1&vf=6:0
[   32436ms] [ERROR] Failed to load resource: net::ERR_FAILED @ https://googleads.g.doubleclick.net/pagead/viewthroughconversion/962985656/?backend=innertube&cname=56&cver=2_20260505&foc_id=sBjURrPoezykLs9EqgamOA&label=followon_view&ptype=no_rmkt&random=576429399&cv_attributed=0:0
[   28992ms] [ERROR] Permissions policy violation: compute-pressure is not allowed in this document. @ https://www.youtube.com/s/player/cb017549/player_embed_es6.vflset/ja_JP/base.js:5086
[   32436ms] [ERROR] Access to fetch at 'https://googleads.g.doubleclick.net/pagead/viewthroughconversion/962985656/?backend=innertube&cname=56&cver=2_20260505&foc_id=sBjURrPoezykLs9EqgamOA&label=followon_view&ptype=no_rmkt&random=576429399&cv_attributed=0' (redirected from 'https://www.youtube.com/pagead/viewthroughconversion/962985656/?backend=innertube&cname=56&cver=2_20260505&foc_id=sBjURrPoezykLs9EqgamOA&label=followon_view&ptype=no_rmkt&random=576429399') from origin 'https://www.youtube.com' has been blocked by CORS policy: No 'Access-Control-Allow-Origin' header is present on the requested resource. @ https://www.youtube.com/embed/Sklc_fQBmcs?rel=0&modestbranding=1&enablejsapi=1&origin=http%3A%2F%2Flocalhost%3A3000&widgetid=5&forigin=http%3A%2F%2Flocalhost%3A3000%2Fcourses%2Fnextjs-fundamentals%2Flessons%2Fapp-router&aoriginsup=1&vf=6:0
[   32436ms] [ERROR] Failed to load resource: net::ERR_FAILED @ https://googleads.g.doubleclick.net/pagead/viewthroughconversion/962985656/?backend=innertube&cname=56&cver=2_20260505&foc_id=sBjURrPoezykLs9EqgamOA&label=followon_view&ptype=no_rmkt&random=576429399&cv_attributed=0:0
[   28992ms] [ERROR] Permissions policy violation: compute-pressure is not allowed in this document. @ https://www.youtube.com/s/player/cb017549/player_embed_es6.vflset/ja_JP/base.js:5086
[   32436ms] [ERROR] Access to fetch at 'https://googleads.g.doubleclick.net/pagead/viewthroughconversion/962985656/?backend=innertube&cname=56&cver=2_20260505&foc_id=sBjURrPoezykLs9EqgamOA&label=followon_view&ptype=no_rmkt&random=576429399&cv_attributed=0' (redirected from 'https://www.youtube.com/pagead/viewthroughconversion/962985656/?backend=innertube&cname=56&cver=2_20260505&foc_id=sBjURrPoezykLs9EqgamOA&label=followon_view&ptype=no_rmkt&random=576429399') from origin 'https://www.youtube.com' has been blocked by CORS policy: No 'Access-Control-Allow-Origin' header is present on the requested resource. @ https://www.youtube.com/embed/Sklc_fQBmcs?rel=0&modestbranding=1&enablejsapi=1&origin=http%3A%2F%2Flocalhost%3A3000&widgetid=5&forigin=http%3A%2F%2Flocalhost%3A3000%2Fcourses%2Fnextjs-fundamentals%2Flessons%2Fapp-router&aoriginsup=1&vf=6:0
[   32436ms] [ERROR] Failed to load resource: net::ERR_FAILED @ https://googleads.g.doubleclick.net/pagead/viewthroughconversion/962985656/?backend=innertube&cname=56&cver=2_20260505&foc_id=sBjURrPoezykLs9EqgamOA&label=followon_view&ptype=no_rmkt&random=576429399&cv_attributed=0:0
[   50509ms] [LOG] [Fast Refresh] rebuilding @ http://localhost:3000/_next/static/chunks/node_modules_next_dist_0ifwd0~._.js:2925
[   50612ms] [LOG] [Fast Refresh] done in 213ms @ http://localhost:3000/_next/static/chunks/node_modules_next_dist_0ifwd0~._.js:2925
[   76046ms] [LOG] [Fast Refresh] rebuilding @ http://localhost:3000/_next/static/chunks/node_modules_next_dist_0ifwd0~._.js:2925
[   81082ms] [LOG] [Fast Refresh] done in 5149ms @ http://localhost:3000/_next/static/chunks/node_modules_next_dist_0ifwd0~._.js:2925
[ 5691976ms] [LOG] [Fast Refresh] rebuilding @ http://localhost:3000/_next/static/chunks/node_modules_next_dist_0ifwd0~._.js:2925
[ 5691977ms] [LOG] [Fast Refresh] done in 110ms @ http://localhost:3000/_next/static/chunks/node_modules_next_dist_0ifwd0~._.js:2925
[ 5738249ms] [LOG] [Fast Refresh] rebuilding @ http://localhost:3000/_next/static/chunks/node_modules_next_dist_0ifwd0~._.js:2925
[ 5738800ms] [LOG] [Fast Refresh] done in 667ms @ http://localhost:3000/_next/static/chunks/node_modules_next_dist_0ifwd0~._.js:2925
